<?xml version="1.0" encoding="UTF-8"?>
<testsuites>
  <testsuite name="/home/mariusz/PhpstormProjects/enhanced-php-mcp-server/tests/phpunit.xml" tests="131" assertions="340" errors="0" failures="0" skipped="0" time="3.347679">
    <testsuite name="Unit" tests="106" assertions="235" errors="0" failures="0" skipped="0" time="2.909690">
      <testsuite name="Tests\Unit\AdminAuthMiddlewareTest" file="/home/mariusz/PhpstormProjects/enhanced-php-mcp-server/tests/Unit/AdminAuthMiddlewareTest.php" tests="8" assertions="10" errors="0" failures="0" skipped="0" time="0.012404">
        <testcase name="testApiRequestWithoutAuthReturns401" file="/home/mariusz/PhpstormProjects/enhanced-php-mcp-server/tests/Unit/AdminAuthMiddlewareTest.php" line="134" class="Tests\Unit\AdminAuthMiddlewareTest" classname="Tests.Unit.AdminAuthMiddlewareTest" assertions="2" time="0.009072"/>
        <testcase name="testApiRequestWithInvalidSessionReturns401" file="/home/mariusz/PhpstormProjects/enhanced-php-mcp-server/tests/Unit/AdminAuthMiddlewareTest.php" line="157" class="Tests\Unit\AdminAuthMiddlewareTest" classname="Tests.Unit.AdminAuthMiddlewareTest" assertions="1" time="0.000457"/>
        <testcase name="testCookieAuthWorks" file="/home/mariusz/PhpstormProjects/enhanced-php-mcp-server/tests/Unit/AdminAuthMiddlewareTest.php" line="198" class="Tests\Unit\AdminAuthMiddlewareTest" classname="Tests.Unit.AdminAuthMiddlewareTest" assertions="1" time="0.000950"/>
        <testcase name="testBearerTokenTakesPrecedenceOverCookie" file="/home/mariusz/PhpstormProjects/enhanced-php-mcp-server/tests/Unit/AdminAuthMiddlewareTest.php" line="216" class="Tests\Unit\AdminAuthMiddlewareTest" classname="Tests.Unit.AdminAuthMiddlewareTest" assertions="1" time="0.000340"/>
        <testcase name="testRequestWithValidSessionPassesThrough" file="/home/mariusz/PhpstormProjects/enhanced-php-mcp-server/tests/Unit/AdminAuthMiddlewareTest.php" line="171" class="Tests\Unit\AdminAuthMiddlewareTest" classname="Tests.Unit.AdminAuthMiddlewareTest" assertions="1" time="0.000592"/>
        <testcase name="testWebRequestWithoutAuthRedirectsToLogin" file="/home/mariusz/PhpstormProjects/enhanced-php-mcp-server/tests/Unit/AdminAuthMiddlewareTest.php" line="146" class="Tests\Unit\AdminAuthMiddlewareTest" classname="Tests.Unit.AdminAuthMiddlewareTest" assertions="2" time="0.000213"/>
        <testcase name="testBearerNullTokenFallsBackToCookie" file="/home/mariusz/PhpstormProjects/enhanced-php-mcp-server/tests/Unit/AdminAuthMiddlewareTest.php" line="234" class="Tests\Unit\AdminAuthMiddlewareTest" classname="Tests.Unit.AdminAuthMiddlewareTest" assertions="1" time="0.000350"/>
        <testcase name="testBearerEmptyTokenFallsBackToCookie" file="/home/mariusz/PhpstormProjects/enhanced-php-mcp-server/tests/Unit/AdminAuthMiddlewareTest.php" line="252" class="Tests\Unit\AdminAuthMiddlewareTest" classname="Tests.Unit.AdminAuthMiddlewareTest" assertions="1" time="0.000432"/>
      </testsuite>
      <testsuite name="Tests\Unit\MCPServerHTTPTest" file="/home/mariusz/PhpstormProjects/enhanced-php-mcp-server/tests/Unit/MCPServerHTTPTest.php" tests="27" assertions="72" errors="0" failures="0" skipped="0" time="0.557726">
        <testcase name="testHelloToolReturnsGreeting" file="/home/mariusz/PhpstormProjects/enhanced-php-mcp-server/tests/Unit/MCPServerHTTPTest.php" line="48" class="Tests\Unit\MCPServerHTTPTest" classname="Tests.Unit.MCPServerHTTPTest" assertions="1" time="0.001368"/>
        <testcase name="testHelloToolWithDefaultName" file="/home/mariusz/PhpstormProjects/enhanced-php-mcp-server/tests/Unit/MCPServerHTTPTest.php" line="54" class="Tests\Unit\MCPServerHTTPTest" classname="Tests.Unit.MCPServerHTTPTest" assertions="1" time="0.000123"/>
        <testcase name="testGetTimeReturnsCurrentTime" file="/home/mariusz/PhpstormProjects/enhanced-php-mcp-server/tests/Unit/MCPServerHTTPTest.php" line="60" class="Tests\Unit\MCPServerHTTPTest" classname="Tests.Unit.MCPServerHTTPTest" assertions="2" time="0.000326"/>
        <testcase name="testCalculateToolDivisionByZero" file="/home/mariusz/PhpstormProjects/enhanced-php-mcp-server/tests/Unit/MCPServerHTTPTest.php" line="91" class="Tests\Unit\MCPServerHTTPTest" classname="Tests.Unit.MCPServerHTTPTest" assertions="1" time="0.000102"/>
        <testcase name="testCalculateToolUnknownOperation" file="/home/mariusz/PhpstormProjects/enhanced-php-mcp-server/tests/Unit/MCPServerHTTPTest.php" line="102" class="Tests\Unit\MCPServerHTTPTest" classname="Tests.Unit.MCPServerHTTPTest" assertions="1" time="0.000082"/>
        <testcase name="testListFilesWithCurrentDirectory" file="/home/mariusz/PhpstormProjects/enhanced-php-mcp-server/tests/Unit/MCPServerHTTPTest.php" line="113" class="Tests\Unit\MCPServerHTTPTest" classname="Tests.Unit.MCPServerHTTPTest" assertions="4" time="0.000338"/>
        <testcase name="testListFilesWithSubdirectory" file="/home/mariusz/PhpstormProjects/enhanced-php-mcp-server/tests/Unit/MCPServerHTTPTest.php" line="123" class="Tests\Unit\MCPServerHTTPTest" classname="Tests.Unit.MCPServerHTTPTest" assertions="2" time="0.000168"/>
        <testcase name="testListFilesWithDefaultPath" file="/home/mariusz/PhpstormProjects/enhanced-php-mcp-server/tests/Unit/MCPServerHTTPTest.php" line="131" class="Tests\Unit\MCPServerHTTPTest" classname="Tests.Unit.MCPServerHTTPTest" assertions="1" time="0.000198"/>
        <testcase name="testReadFileWithValidFile" file="/home/mariusz/PhpstormProjects/enhanced-php-mcp-server/tests/Unit/MCPServerHTTPTest.php" line="138" class="Tests\Unit\MCPServerHTTPTest" classname="Tests.Unit.MCPServerHTTPTest" assertions="4" time="0.000182"/>
        <testcase name="testReadFileWithNonExistentFile" file="/home/mariusz/PhpstormProjects/enhanced-php-mcp-server/tests/Unit/MCPServerHTTPTest.php" line="148" class="Tests\Unit\MCPServerHTTPTest" classname="Tests.Unit.MCPServerHTTPTest" assertions="2" time="0.000413"/>
        <testcase name="testWriteFileCreatesAndReadsFile" file="/home/mariusz/PhpstormProjects/enhanced-php-mcp-server/tests/Unit/MCPServerHTTPTest.php" line="156" class="Tests\Unit\MCPServerHTTPTest" classname="Tests.Unit.MCPServerHTTPTest" assertions="3" time="0.000391"/>
        <testcase name="testSystemInfoReturnsValidInfo" file="/home/mariusz/PhpstormProjects/enhanced-php-mcp-server/tests/Unit/MCPServerHTTPTest.php" line="178" class="Tests\Unit\MCPServerHTTPTest" classname="Tests.Unit.MCPServerHTTPTest" assertions="5" time="0.000276"/>
        <testcase name="testJsonParseWithValidJson" file="/home/mariusz/PhpstormProjects/enhanced-php-mcp-server/tests/Unit/MCPServerHTTPTest.php" line="189" class="Tests\Unit\MCPServerHTTPTest" classname="Tests.Unit.MCPServerHTTPTest" assertions="4" time="0.000144"/>
        <testcase name="testJsonParseWithInvalidJson" file="/home/mariusz/PhpstormProjects/enhanced-php-mcp-server/tests/Unit/MCPServerHTTPTest.php" line="200" class="Tests\Unit\MCPServerHTTPTest" classname="Tests.Unit.MCPServerHTTPTest" assertions="1" time="0.000113"/>
        <testcase name="testGetWeatherWithValidCity" file="/home/mariusz/PhpstormProjects/enhanced-php-mcp-server/tests/Unit/MCPServerHTTPTest.php" line="208" class="Tests\Unit\MCPServerHTTPTest" classname="Tests.Unit.MCPServerHTTPTest" assertions="8" time="0.000156"/>
        <testcase name="testGetWeatherWithEmptyCity" file="/home/mariusz/PhpstormProjects/enhanced-php-mcp-server/tests/Unit/MCPServerHTTPTest.php" line="222" class="Tests\Unit\MCPServerHTTPTest" classname="Tests.Unit.MCPServerHTTPTest" assertions="1" time="0.000101"/>
        <testcase name="testHttpRequestWithEmptyUrl" file="/home/mariusz/PhpstormProjects/enhanced-php-mcp-server/tests/Unit/MCPServerHTTPTest.php" line="244" class="Tests\Unit\MCPServerHTTPTest" classname="Tests.Unit.MCPServerHTTPTest" assertions="1" time="0.000109"/>
        <testcase name="testExecuteUnknownToolThrowsException" file="/home/mariusz/PhpstormProjects/enhanced-php-mcp-server/tests/Unit/MCPServerHTTPTest.php" line="251" class="Tests\Unit\MCPServerHTTPTest" classname="Tests.Unit.MCPServerHTTPTest" assertions="2" time="0.000133"/>
        <testcase name="testFileOperationSecurityPreventsPathTraversal" file="/home/mariusz/PhpstormProjects/enhanced-php-mcp-server/tests/Unit/MCPServerHTTPTest.php" line="259" class="Tests\Unit\MCPServerHTTPTest" classname="Tests.Unit.MCPServerHTTPTest" assertions="2" time="0.000343"/>
        <testcase name="testToolExecutionIsMonitored" file="/home/mariusz/PhpstormProjects/enhanced-php-mcp-server/tests/Unit/MCPServerHTTPTest.php" line="268" class="Tests\Unit\MCPServerHTTPTest" classname="Tests.Unit.MCPServerHTTPTest" assertions="2" time="0.000285"/>
        <testcase name="testToolExecutionFailureIsMonitored" file="/home/mariusz/PhpstormProjects/enhanced-php-mcp-server/tests/Unit/MCPServerHTTPTest.php" line="281" class="Tests\Unit\MCPServerHTTPTest" classname="Tests.Unit.MCPServerHTTPTest" assertions="2" time="0.000232"/>
        <testcase name="testGetToolsReturnsAllRegisteredTools" file="/home/mariusz/PhpstormProjects/enhanced-php-mcp-server/tests/Unit/MCPServerHTTPTest.php" line="26" class="Tests\Unit\MCPServerHTTPTest" classname="Tests.Unit.MCPServerHTTPTest" assertions="13" time="0.001266"/>
        <testcase name="testHttpRequestWithValidUrl" file="/home/mariusz/PhpstormProjects/enhanced-php-mcp-server/tests/Unit/MCPServerHTTPTest.php" line="229" class="Tests\Unit\MCPServerHTTPTest" classname="Tests.Unit.MCPServerHTTPTest" assertions="5" time="0.549375"/>
        <testsuite name="Tests\Unit\MCPServerHTTPTest::testCalculateTool" tests="4" assertions="4" errors="0" failures="0" skipped="0" time="0.001502">
          <testcase name="testCalculateTool with data set #0" file="/home/mariusz/PhpstormProjects/enhanced-php-mcp-server/tests/Unit/MCPServerHTTPTest.php" line="70" class="Tests\Unit\MCPServerHTTPTest" classname="Tests.Unit.MCPServerHTTPTest" assertions="1" time="0.000538"/>
          <testcase name="testCalculateTool with data set #1" file="/home/mariusz/PhpstormProjects/enhanced-php-mcp-server/tests/Unit/MCPServerHTTPTest.php" line="70" class="Tests\Unit\MCPServerHTTPTest" classname="Tests.Unit.MCPServerHTTPTest" assertions="1" time="0.000537"/>
          <testcase name="testCalculateTool with data set #2" file="/home/mariusz/PhpstormProjects/enhanced-php-mcp-server/tests/Unit/MCPServerHTTPTest.php" line="70" class="Tests\Unit\MCPServerHTTPTest" classname="Tests.Unit.MCPServerHTTPTest" assertions="1" time="0.000288"/>
          <testcase name="testCalculateTool with data set #3" file="/home/mariusz/PhpstormProjects/enhanced-php-mcp-server/tests/Unit/MCPServerHTTPTest.php" line="70" class="Tests\Unit\MCPServerHTTPTest" classname="Tests.Unit.MCPServerHTTPTest" assertions="1" time="0.000140"/>
        </testsuite>
      </testsuite>
      <testsuite name="Tests\Unit\SecretControllerTest" file="/home/mariusz/PhpstormProjects/enhanced-php-mcp-server/tests/Unit/SecretControllerTest.php" tests="18" assertions="32" errors="0" failures="0" skipped="0" time="0.006660">
        <testcase name="testListSecretsHandlesError" file="/home/mariusz/PhpstormProjects/enhanced-php-mcp-server/tests/Unit/SecretControllerTest.php" line="76" class="Tests\Unit\SecretControllerTest" classname="Tests.Unit.SecretControllerTest" assertions="2" time="0.001792"/>
        <testcase name="testStoreSecretSuccess" file="/home/mariusz/PhpstormProjects/enhanced-php-mcp-server/tests/Unit/SecretControllerTest.php" line="91" class="Tests\Unit\SecretControllerTest" classname="Tests.Unit.SecretControllerTest" assertions="3" time="0.000322"/>
        <testcase name="testStoreSecretMissingFields" file="/home/mariusz/PhpstormProjects/enhanced-php-mcp-server/tests/Unit/SecretControllerTest.php" line="107" class="Tests\Unit\SecretControllerTest" classname="Tests.Unit.SecretControllerTest" assertions="2" time="0.000240"/>
        <testcase name="testStoreSecretEmptyFields" file="/home/mariusz/PhpstormProjects/enhanced-php-mcp-server/tests/Unit/SecretControllerTest.php" line="119" class="Tests\Unit\SecretControllerTest" classname="Tests.Unit.SecretControllerTest" assertions="1" time="0.000213"/>
        <testcase name="testStoreSecretHandlesServiceError" file="/home/mariusz/PhpstormProjects/enhanced-php-mcp-server/tests/Unit/SecretControllerTest.php" line="129" class="Tests\Unit\SecretControllerTest" classname="Tests.Unit.SecretControllerTest" assertions="1" time="0.000222"/>
        <testcase name="testGetSecretFound" file="/home/mariusz/PhpstormProjects/enhanced-php-mcp-server/tests/Unit/SecretControllerTest.php" line="142" class="Tests\Unit\SecretControllerTest" classname="Tests.Unit.SecretControllerTest" assertions="4" time="0.000233"/>
        <testcase name="testGetSecretNotFound" file="/home/mariusz/PhpstormProjects/enhanced-php-mcp-server/tests/Unit/SecretControllerTest.php" line="160" class="Tests\Unit\SecretControllerTest" classname="Tests.Unit.SecretControllerTest" assertions="1" time="0.000223"/>
        <testcase name="testGetSecretMissingKey" file="/home/mariusz/PhpstormProjects/enhanced-php-mcp-server/tests/Unit/SecretControllerTest.php" line="174" class="Tests\Unit\SecretControllerTest" classname="Tests.Unit.SecretControllerTest" assertions="1" time="0.000202"/>
        <testcase name="testDeleteSecretSuccess" file="/home/mariusz/PhpstormProjects/enhanced-php-mcp-server/tests/Unit/SecretControllerTest.php" line="184" class="Tests\Unit\SecretControllerTest" classname="Tests.Unit.SecretControllerTest" assertions="2" time="0.000298"/>
        <testcase name="testDeleteSecretNotFound" file="/home/mariusz/PhpstormProjects/enhanced-php-mcp-server/tests/Unit/SecretControllerTest.php" line="199" class="Tests\Unit\SecretControllerTest" classname="Tests.Unit.SecretControllerTest" assertions="1" time="0.000252"/>
        <testcase name="testDeleteSecretMissingKey" file="/home/mariusz/PhpstormProjects/enhanced-php-mcp-server/tests/Unit/SecretControllerTest.php" line="211" class="Tests\Unit\SecretControllerTest" classname="Tests.Unit.SecretControllerTest" assertions="1" time="0.000244"/>
        <testcase name="testCheckSecretExists" file="/home/mariusz/PhpstormProjects/enhanced-php-mcp-server/tests/Unit/SecretControllerTest.php" line="221" class="Tests\Unit\SecretControllerTest" classname="Tests.Unit.SecretControllerTest" assertions="2" time="0.000259"/>
        <testcase name="testCheckSecretNotExists" file="/home/mariusz/PhpstormProjects/enhanced-php-mcp-server/tests/Unit/SecretControllerTest.php" line="235" class="Tests\Unit\SecretControllerTest" classname="Tests.Unit.SecretControllerTest" assertions="1" time="0.000253"/>
        <testcase name="testEncryptValueSuccess" file="/home/mariusz/PhpstormProjects/enhanced-php-mcp-server/tests/Unit/SecretControllerTest.php" line="248" class="Tests\Unit\SecretControllerTest" classname="Tests.Unit.SecretControllerTest" assertions="2" time="0.000258"/>
        <testcase name="testEncryptValueMissingField" file="/home/mariusz/PhpstormProjects/enhanced-php-mcp-server/tests/Unit/SecretControllerTest.php" line="264" class="Tests\Unit\SecretControllerTest" classname="Tests.Unit.SecretControllerTest" assertions="1" time="0.000247"/>
        <testcase name="testDecryptValueSuccess" file="/home/mariusz/PhpstormProjects/enhanced-php-mcp-server/tests/Unit/SecretControllerTest.php" line="274" class="Tests\Unit\SecretControllerTest" classname="Tests.Unit.SecretControllerTest" assertions="2" time="0.000592"/>
        <testcase name="testDecryptValueMissingField" file="/home/mariusz/PhpstormProjects/enhanced-php-mcp-server/tests/Unit/SecretControllerTest.php" line="290" class="Tests\Unit\SecretControllerTest" classname="Tests.Unit.SecretControllerTest" assertions="1" time="0.000406"/>
        <testcase name="testListSecretsReturnsKeys" file="/home/mariusz/PhpstormProjects/enhanced-php-mcp-server/tests/Unit/SecretControllerTest.php" line="23" class="Tests\Unit\SecretControllerTest" classname="Tests.Unit.SecretControllerTest" assertions="4" time="0.000403"/>
      </testsuite>
      <testsuite name="Tests\Unit\SecretManagerServiceTest" file="/home/mariusz/PhpstormProjects/enhanced-php-mcp-server/tests/Unit/SecretManagerServiceTest.php" tests="16" assertions="27" errors="0" failures="0" skipped="0" time="0.005881">
        <testcase name="testEncryptDecryptRoundtrip" file="/home/mariusz/PhpstormProjects/enhanced-php-mcp-server/tests/Unit/SecretManagerServiceTest.php" line="17" class="Tests\Unit\SecretManagerServiceTest" classname="Tests.Unit.SecretManagerServiceTest" assertions="1" time="0.000385"/>
        <testcase name="testEncryptProducesDifferentOutputEachTime" file="/home/mariusz/PhpstormProjects/enhanced-php-mcp-server/tests/Unit/SecretManagerServiceTest.php" line="25" class="Tests\Unit\SecretManagerServiceTest" classname="Tests.Unit.SecretManagerServiceTest" assertions="1" time="0.000619"/>
        <testcase name="testDecryptWithInvalidDataThrowsException" file="/home/mariusz/PhpstormProjects/enhanced-php-mcp-server/tests/Unit/SecretManagerServiceTest.php" line="33" class="Tests\Unit\SecretManagerServiceTest" classname="Tests.Unit.SecretManagerServiceTest" assertions="2" time="0.000270"/>
        <testcase name="testStoreAndGetSecret" file="/home/mariusz/PhpstormProjects/enhanced-php-mcp-server/tests/Unit/SecretManagerServiceTest.php" line="40" class="Tests\Unit\SecretManagerServiceTest" classname="Tests.Unit.SecretManagerServiceTest" assertions="1" time="0.000248"/>
        <testcase name="testGetNonExistentSecretReturnsNull" file="/home/mariusz/PhpstormProjects/enhanced-php-mcp-server/tests/Unit/SecretManagerServiceTest.php" line="47" class="Tests\Unit\SecretManagerServiceTest" classname="Tests.Unit.SecretManagerServiceTest" assertions="1" time="0.000227"/>
        <testcase name="testStoreOverwritesExistingSecret" file="/home/mariusz/PhpstormProjects/enhanced-php-mcp-server/tests/Unit/SecretManagerServiceTest.php" line="53" class="Tests\Unit\SecretManagerServiceTest" classname="Tests.Unit.SecretManagerServiceTest" assertions="1" time="0.001504"/>
        <testcase name="testDeleteExistingSecretReturnsTrue" file="/home/mariusz/PhpstormProjects/enhanced-php-mcp-server/tests/Unit/SecretManagerServiceTest.php" line="61" class="Tests\Unit\SecretManagerServiceTest" classname="Tests.Unit.SecretManagerServiceTest" assertions="2" time="0.000236"/>
        <testcase name="testDeleteNonExistentSecretReturnsFalse" file="/home/mariusz/PhpstormProjects/enhanced-php-mcp-server/tests/Unit/SecretManagerServiceTest.php" line="69" class="Tests\Unit\SecretManagerServiceTest" classname="Tests.Unit.SecretManagerServiceTest" assertions="1" time="0.000149"/>
        <testcase name="testListSecretsReturnsEmptyArrayWhenNoSecrets" file="/home/mariusz/PhpstormProjects/enhanced-php-mcp-server/tests/Unit/SecretManagerServiceTest.php" line="75" class="Tests\Unit\SecretManagerServiceTest" classname="Tests.Unit.SecretManagerServiceTest" assertions="2" time="0.000161"/>
        <testcase name="testListSecretsReturnsStoredKeys" file="/home/mariusz/PhpstormProjects/enhanced-php-mcp-server/tests/Unit/SecretManagerServiceTest.php" line="82" class="Tests\Unit\SecretManagerServiceTest" classname="Tests.Unit.SecretManagerServiceTest" assertions="4" time="0.000302"/>
        <testcase name="testSecretExists" file="/home/mariusz/PhpstormProjects/enhanced-php-mcp-server/tests/Unit/SecretManagerServiceTest.php" line="95" class="Tests\Unit\SecretManagerServiceTest" classname="Tests.Unit.SecretManagerServiceTest" assertions="2" time="0.000239"/>
        <testcase name="testSanitizeKeyWithSpecialCharacters" file="/home/mariusz/PhpstormProjects/enhanced-php-mcp-server/tests/Unit/SecretManagerServiceTest.php" line="102" class="Tests\Unit\SecretManagerServiceTest" classname="Tests.Unit.SecretManagerServiceTest" assertions="2" time="0.000339"/>
        <testcase name="testDecryptConfigurationRestoresValues" file="/home/mariusz/PhpstormProjects/enhanced-php-mcp-server/tests/Unit/SecretManagerServiceTest.php" line="123" class="Tests\Unit\SecretManagerServiceTest" classname="Tests.Unit.SecretManagerServiceTest" assertions="2" time="0.000316"/>
        <testcase name="testEncryptedDataIsBase64Encoded" file="/home/mariusz/PhpstormProjects/enhanced-php-mcp-server/tests/Unit/SecretManagerServiceTest.php" line="137" class="Tests\Unit\SecretManagerServiceTest" classname="Tests.Unit.SecretManagerServiceTest" assertions="1" time="0.000223"/>
        <testcase name="testProcessConfigurationEncryptsSecrets" file="/home/mariusz/PhpstormProjects/enhanced-php-mcp-server/tests/Unit/SecretManagerServiceTest.php" line="110" class="Tests\Unit\SecretManagerServiceTest" classname="Tests.Unit.SecretManagerServiceTest" assertions="2" time="0.000270"/>
        <testcase name="testGetSecretWithCorruptedFileThrowsException" file="/home/mariusz/PhpstormProjects/enhanced-php-mcp-server/tests/Unit/SecretManagerServiceTest.php" line="143" class="Tests\Unit\SecretManagerServiceTest" classname="Tests.Unit.SecretManagerServiceTest" assertions="2" time="0.000393"/>
      </testsuite>
      <testsuite name="Tests\Unit\ToolServiceTest" file="/home/mariusz/PhpstormProjects/enhanced-php-mcp-server/tests/Unit/ToolServiceTest.php" tests="25" assertions="63" errors="0" failures="0" skipped="0" time="0.008675">
        <testcase name="testReadFileWithValidFile" file="/home/mariusz/PhpstormProjects/enhanced-php-mcp-server/tests/Unit/ToolServiceTest.php" line="126" class="Tests\Unit\ToolServiceTest" classname="Tests.Unit.ToolServiceTest" assertions="3" time="0.002400"/>
        <testcase name="testWriteFileCreatesAndReadsFile" file="/home/mariusz/PhpstormProjects/enhanced-php-mcp-server/tests/Unit/ToolServiceTest.php" line="143" class="Tests\Unit\ToolServiceTest" classname="Tests.Unit.ToolServiceTest" assertions="1" time="0.000328"/>
        <testcase name="testListFilesWithCurrentDirectory" file="/home/mariusz/PhpstormProjects/enhanced-php-mcp-server/tests/Unit/ToolServiceTest.php" line="116" class="Tests\Unit\ToolServiceTest" classname="Tests.Unit.ToolServiceTest" assertions="4" time="0.000428"/>
        <testcase name="testExecuteUnknownToolThrowsException" file="/home/mariusz/PhpstormProjects/enhanced-php-mcp-server/tests/Unit/ToolServiceTest.php" line="211" class="Tests\Unit\ToolServiceTest" classname="Tests.Unit.ToolServiceTest" assertions="2" time="0.000266"/>
        <testcase name="testFileOperationSecurityPreventsPathTraversal" file="/home/mariusz/PhpstormProjects/enhanced-php-mcp-server/tests/Unit/ToolServiceTest.php" line="236" class="Tests\Unit\ToolServiceTest" classname="Tests.Unit.ToolServiceTest" assertions="2" time="0.000348"/>
        <testcase name="testToolExecutionFailureIsLogged" file="/home/mariusz/PhpstormProjects/enhanced-php-mcp-server/tests/Unit/ToolServiceTest.php" line="268" class="Tests\Unit\ToolServiceTest" classname="Tests.Unit.ToolServiceTest" assertions="5" time="0.000598"/>
        <testsuite name="Tests\Unit\ToolServiceTest::testCalculateTool" tests="4" assertions="4" errors="0" failures="0" skipped="0" time="0.000742">
          <testcase name="testCalculateTool with data set #0" file="/home/mariusz/PhpstormProjects/enhanced-php-mcp-server/tests/Unit/ToolServiceTest.php" line="73" class="Tests\Unit\ToolServiceTest" classname="Tests.Unit.ToolServiceTest" assertions="1" time="0.000228"/>
          <testcase name="testCalculateTool with data set #1" file="/home/mariusz/PhpstormProjects/enhanced-php-mcp-server/tests/Unit/ToolServiceTest.php" line="73" class="Tests\Unit\ToolServiceTest" classname="Tests.Unit.ToolServiceTest" assertions="1" time="0.000181"/>
          <testcase name="testCalculateTool with data set #2" file="/home/mariusz/PhpstormProjects/enhanced-php-mcp-server/tests/Unit/ToolServiceTest.php" line="73" class="Tests\Unit\ToolServiceTest" classname="Tests.Unit.ToolServiceTest" assertions="1" time="0.000165"/>
          <testcase name="testCalculateTool with data set #3" file="/home/mariusz/PhpstormProjects/enhanced-php-mcp-server/tests/Unit/ToolServiceTest.php" line="73" class="Tests\Unit\ToolServiceTest" classname="Tests.Unit.ToolServiceTest" assertions="1" time="0.000168"/>
        </testsuite>
        <testcase name="testHelloToolReturnsGreeting" file="/home/mariusz/PhpstormProjects/enhanced-php-mcp-server/tests/Unit/ToolServiceTest.php" line="35" class="Tests\Unit\ToolServiceTest" classname="Tests.Unit.ToolServiceTest" assertions="4" time="0.000242"/>
        <testcase name="testHelloToolWithDefaultName" file="/home/mariusz/PhpstormProjects/enhanced-php-mcp-server/tests/Unit/ToolServiceTest.php" line="47" class="Tests\Unit\ToolServiceTest" classname="Tests.Unit.ToolServiceTest" assertions="1" time="0.000177"/>
        <testcase name="testGetTimeReturnsCurrentTime" file="/home/mariusz/PhpstormProjects/enhanced-php-mcp-server/tests/Unit/ToolServiceTest.php" line="53" class="Tests\Unit\ToolServiceTest" classname="Tests.Unit.ToolServiceTest" assertions="2" time="0.000192"/>
        <testcase name="testGetTimeWithCustomFormat" file="/home/mariusz/PhpstormProjects/enhanced-php-mcp-server/tests/Unit/ToolServiceTest.php" line="60" class="Tests\Unit\ToolServiceTest" classname="Tests.Unit.ToolServiceTest" assertions="2" time="0.000230"/>
        <testcase name="testCalculateToolDivisionByZero" file="/home/mariusz/PhpstormProjects/enhanced-php-mcp-server/tests/Unit/ToolServiceTest.php" line="94" class="Tests\Unit\ToolServiceTest" classname="Tests.Unit.ToolServiceTest" assertions="1" time="0.000169"/>
        <testcase name="testCalculateToolUnknownOperation" file="/home/mariusz/PhpstormProjects/enhanced-php-mcp-server/tests/Unit/ToolServiceTest.php" line="105" class="Tests\Unit\ToolServiceTest" classname="Tests.Unit.ToolServiceTest" assertions="1" time="0.000182"/>
        <testcase name="testReadFileWithNonExistentFile" file="/home/mariusz/PhpstormProjects/enhanced-php-mcp-server/tests/Unit/ToolServiceTest.php" line="135" class="Tests\Unit\ToolServiceTest" classname="Tests.Unit.ToolServiceTest" assertions="2" time="0.000232"/>
        <testcase name="testSystemInfoReturnsValidInfo" file="/home/mariusz/PhpstormProjects/enhanced-php-mcp-server/tests/Unit/ToolServiceTest.php" line="159" class="Tests\Unit\ToolServiceTest" classname="Tests.Unit.ToolServiceTest" assertions="5" time="0.000216"/>
        <testcase name="testJsonParseWithValidJson" file="/home/mariusz/PhpstormProjects/enhanced-php-mcp-server/tests/Unit/ToolServiceTest.php" line="170" class="Tests\Unit\ToolServiceTest" classname="Tests.Unit.ToolServiceTest" assertions="4" time="0.000259"/>
        <testcase name="testJsonParseWithInvalidJson" file="/home/mariusz/PhpstormProjects/enhanced-php-mcp-server/tests/Unit/ToolServiceTest.php" line="181" class="Tests\Unit\ToolServiceTest" classname="Tests.Unit.ToolServiceTest" assertions="2" time="0.000302"/>
        <testcase name="testGetWeatherWithValidCity" file="/home/mariusz/PhpstormProjects/enhanced-php-mcp-server/tests/Unit/ToolServiceTest.php" line="190" class="Tests\Unit\ToolServiceTest" classname="Tests.Unit.ToolServiceTest" assertions="7" time="0.000292"/>
        <testcase name="testGetWeatherWithEmptyCity" file="/home/mariusz/PhpstormProjects/enhanced-php-mcp-server/tests/Unit/ToolServiceTest.php" line="203" class="Tests\Unit\ToolServiceTest" classname="Tests.Unit.ToolServiceTest" assertions="2" time="0.000414"/>
        <testcase name="testExecuteDisabledToolThrowsException" file="/home/mariusz/PhpstormProjects/enhanced-php-mcp-server/tests/Unit/ToolServiceTest.php" line="219" class="Tests\Unit\ToolServiceTest" classname="Tests.Unit.ToolServiceTest" assertions="2" time="0.000219"/>
        <testcase name="testFileOperationSecurityPreventsInvalidPathTraversal" file="/home/mariusz/PhpstormProjects/enhanced-php-mcp-server/tests/Unit/ToolServiceTest.php" line="245" class="Tests\Unit\ToolServiceTest" classname="Tests.Unit.ToolServiceTest" assertions="2" time="0.000230"/>
        <testcase name="testToolExecutionIsLogged" file="/home/mariusz/PhpstormProjects/enhanced-php-mcp-server/tests/Unit/ToolServiceTest.php" line="254" class="Tests\Unit\ToolServiceTest" classname="Tests.Unit.ToolServiceTest" assertions="5" time="0.000209"/>
      </testsuite>
      <testsuite name="Tests\Unit\AdminAuthServiceTest" file="/home/mariusz/PhpstormProjects/enhanced-php-mcp-server/tests/Unit/AdminAuthServiceTest.php" tests="4" assertions="8" errors="0" failures="0" skipped="0" time="2.313847">
        <testcase name="testAuthenticateFailureInvalidUser" file="/home/mariusz/PhpstormProjects/enhanced-php-mcp-server/tests/Unit/AdminAuthServiceTest.php" line="62" class="Tests\Unit\AdminAuthServiceTest" classname="Tests.Unit.AdminAuthServiceTest" assertions="1" time="0.199348"/>
        <testcase name="testAuthenticateFailureInvalidPassword" file="/home/mariusz/PhpstormProjects/enhanced-php-mcp-server/tests/Unit/AdminAuthServiceTest.php" line="67" class="Tests\Unit\AdminAuthServiceTest" classname="Tests.Unit.AdminAuthServiceTest" assertions="1" time="0.397855"/>
        <testcase name="testAuthenticateSuccess" file="/home/mariusz/PhpstormProjects/enhanced-php-mcp-server/tests/Unit/AdminAuthServiceTest.php" line="57" class="Tests\Unit\AdminAuthServiceTest" classname="Tests.Unit.AdminAuthServiceTest" assertions="1" time="0.385518"/>
        <testcase name="testPasswordChangeIsPersistent" file="/home/mariusz/PhpstormProjects/enhanced-php-mcp-server/tests/Unit/AdminAuthServiceTest.php" line="72" class="Tests\Unit\AdminAuthServiceTest" classname="Tests.Unit.AdminAuthServiceTest" assertions="5" time="1.331127"/>
      </testsuite>
      <testsuite name="Tests\Unit\ServerControllerTest" file="/home/mariusz/PhpstormProjects/enhanced-php-mcp-server/tests/Unit/ServerControllerTest.php" tests="5" assertions="17" errors="0" failures="0" skipped="0" time="0.002429">
        <testcase name="testAddServerSuccess" file="/home/mariusz/PhpstormProjects/enhanced-php-mcp-server/tests/Unit/ServerControllerTest.php" line="84" class="Tests\Unit\ServerControllerTest" classname="Tests.Unit.ServerControllerTest" assertions="4" time="0.000853"/>
        <testcase name="testAddServerInvalidInput" file="/home/mariusz/PhpstormProjects/enhanced-php-mcp-server/tests/Unit/ServerControllerTest.php" line="122" class="Tests\Unit\ServerControllerTest" classname="Tests.Unit.ServerControllerTest" assertions="4" time="0.000590"/>
        <testcase name="testDeleteServerSuccess" file="/home/mariusz/PhpstormProjects/enhanced-php-mcp-server/tests/Unit/ServerControllerTest.php" line="141" class="Tests\Unit\ServerControllerTest" classname="Tests.Unit.ServerControllerTest" assertions="4" time="0.000314"/>
        <testcase name="testDeleteServerMissingName" file="/home/mariusz/PhpstormProjects/enhanced-php-mcp-server/tests/Unit/ServerControllerTest.php" line="159" class="Tests\Unit\ServerControllerTest" classname="Tests.Unit.ServerControllerTest" assertions="2" time="0.000284"/>
        <testcase name="testListServersReturnsServers" file="/home/mariusz/PhpstormProjects/enhanced-php-mcp-server/tests/Unit/ServerControllerTest.php" line="61" class="Tests\Unit\ServerControllerTest" classname="Tests.Unit.ServerControllerTest" assertions="3" time="0.000389"/>
      </testsuite>
      <testsuite name="Tests\Unit\ServerServiceTest" file="/home/mariusz/PhpstormProjects/enhanced-php-mcp-server/tests/Unit/ServerServiceTest.php" tests="3" assertions="6" errors="0" failures="0" skipped="0" time="0.002067">
        <testcase name="testGetServers" file="/home/mariusz/PhpstormProjects/enhanced-php-mcp-server/tests/Unit/ServerServiceTest.php" line="49" class="Tests\Unit\ServerServiceTest" classname="Tests.Unit.ServerServiceTest" assertions="2" time="0.000305"/>
        <testcase name="testAddServer" file="/home/mariusz/PhpstormProjects/enhanced-php-mcp-server/tests/Unit/ServerServiceTest.php" line="56" class="Tests\Unit\ServerServiceTest" classname="Tests.Unit.ServerServiceTest" assertions="3" time="0.001513"/>
        <testcase name="testDeleteServer" file="/home/mariusz/PhpstormProjects/enhanced-php-mcp-server/tests/Unit/ServerServiceTest.php" line="74" class="Tests\Unit\ServerServiceTest" classname="Tests.Unit.ServerServiceTest" assertions="1" time="0.000250"/>
      </testsuite>
    </testsuite>
    <testsuite name="Integration" tests="25" assertions="105" errors="0" failures="0" skipped="0" time="0.437988">
      <testsuite name="Tests\Integration\HTTPAPITest" file="/home/mariusz/PhpstormProjects/enhanced-php-mcp-server/tests/Integration/HTTPAPITest.php" tests="25" assertions="105" errors="0" failures="0" skipped="0" time="0.437988">
        <testcase name="testAdminLoginSuccess" file="/home/mariusz/PhpstormProjects/enhanced-php-mcp-server/tests/Integration/HTTPAPITest.php" line="443" class="Tests\Integration\HTTPAPITest" classname="Tests.Integration.HTTPAPITest" assertions="3" time="0.059901"/>
        <testcase name="testRootEndpointReturnsServerInfo" file="/home/mariusz/PhpstormProjects/enhanced-php-mcp-server/tests/Integration/HTTPAPITest.php" line="82" class="Tests\Integration\HTTPAPITest" classname="Tests.Integration.HTTPAPITest" assertions="4" time="0.001537"/>
        <testcase name="testStatusEndpointReturnsServerStatus" file="/home/mariusz/PhpstormProjects/enhanced-php-mcp-server/tests/Integration/HTTPAPITest.php" line="114" class="Tests\Integration\HTTPAPITest" classname="Tests.Integration.HTTPAPITest" assertions="6" time="0.002337"/>
        <testcase name="testHelloToolViaAPI" file="/home/mariusz/PhpstormProjects/enhanced-php-mcp-server/tests/Integration/HTTPAPITest.php" line="129" class="Tests\Integration\HTTPAPITest" classname="Tests.Integration.HTTPAPITest" assertions="5" time="0.002726"/>
        <testcase name="testGetTimeToolViaAPI" file="/home/mariusz/PhpstormProjects/enhanced-php-mcp-server/tests/Integration/HTTPAPITest.php" line="146" class="Tests\Integration\HTTPAPITest" classname="Tests.Integration.HTTPAPITest" assertions="3" time="0.002451"/>
        <testcase name="testCalculateToolViaAPI" file="/home/mariusz/PhpstormProjects/enhanced-php-mcp-server/tests/Integration/HTTPAPITest.php" line="161" class="Tests\Integration\HTTPAPITest" classname="Tests.Integration.HTTPAPITest" assertions="3" time="0.002004"/>
        <testcase name="testListFilesToolViaAPI" file="/home/mariusz/PhpstormProjects/enhanced-php-mcp-server/tests/Integration/HTTPAPITest.php" line="178" class="Tests\Integration\HTTPAPITest" classname="Tests.Integration.HTTPAPITest" assertions="5" time="0.002153"/>
        <testcase name="testSystemInfoToolViaAPI" file="/home/mariusz/PhpstormProjects/enhanced-php-mcp-server/tests/Integration/HTTPAPITest.php" line="231" class="Tests\Integration\HTTPAPITest" classname="Tests.Integration.HTTPAPITest" assertions="4" time="0.002195"/>
        <testcase name="testJsonParseToolViaAPI" file="/home/mariusz/PhpstormProjects/enhanced-php-mcp-server/tests/Integration/HTTPAPITest.php" line="244" class="Tests\Integration\HTTPAPITest" classname="Tests.Integration.HTTPAPITest" assertions="4" time="0.002503"/>
        <testcase name="testGetWeatherToolViaAPI" file="/home/mariusz/PhpstormProjects/enhanced-php-mcp-server/tests/Integration/HTTPAPITest.php" line="258" class="Tests\Integration\HTTPAPITest" classname="Tests.Integration.HTTPAPITest" assertions="4" time="0.002130"/>
        <testcase name="testFileSecurityPreventsPathTraversal" file="/home/mariusz/PhpstormProjects/enhanced-php-mcp-server/tests/Integration/HTTPAPITest.php" line="284" class="Tests\Integration\HTTPAPITest" classname="Tests.Integration.HTTPAPITest" assertions="3" time="0.002436"/>
        <testcase name="testMetricsEndpointReturnsData" file="/home/mariusz/PhpstormProjects/enhanced-php-mcp-server/tests/Integration/HTTPAPITest.php" line="296" class="Tests\Integration\HTTPAPITest" classname="Tests.Integration.HTTPAPITest" assertions="3" time="0.002445"/>
        <testcase name="testLogsEndpointReturnsData" file="/home/mariusz/PhpstormProjects/enhanced-php-mcp-server/tests/Integration/HTTPAPITest.php" line="306" class="Tests\Integration\HTTPAPITest" classname="Tests.Integration.HTTPAPITest" assertions="4" time="0.002176"/>
        <testcase name="testAdminApiRequiresAuth" file="/home/mariusz/PhpstormProjects/enhanced-php-mcp-server/tests/Integration/HTTPAPITest.php" line="466" class="Tests\Integration\HTTPAPITest" classname="Tests.Integration.HTTPAPITest" assertions="2" time="0.002555"/>
        <testcase name="testAdminDashboardRequiresAuth" file="/home/mariusz/PhpstormProjects/enhanced-php-mcp-server/tests/Integration/HTTPAPITest.php" line="474" class="Tests\Integration\HTTPAPITest" classname="Tests.Integration.HTTPAPITest" assertions="1" time="0.002959"/>
        <testcase name="testToolsEndpointReturnsListOfTools" file="/home/mariusz/PhpstormProjects/enhanced-php-mcp-server/tests/Integration/HTTPAPITest.php" line="95" class="Tests\Integration\HTTPAPITest" classname="Tests.Integration.HTTPAPITest" assertions="8" time="0.003115"/>
        <testcase name="testUnknownToolReturnsError" file="/home/mariusz/PhpstormProjects/enhanced-php-mcp-server/tests/Integration/HTTPAPITest.php" line="271" class="Tests\Integration\HTTPAPITest" classname="Tests.Integration.HTTPAPITest" assertions="4" time="0.002323"/>
        <testcase name="testReadWriteFileWorkflowViaAPI" file="/home/mariusz/PhpstormProjects/enhanced-php-mcp-server/tests/Integration/HTTPAPITest.php" line="192" class="Tests\Integration\HTTPAPITest" classname="Tests.Integration.HTTPAPITest" assertions="6" time="0.004958"/>
        <testcase name="testAdminLoginWithInvalidCredentials" file="/home/mariusz/PhpstormProjects/enhanced-php-mcp-server/tests/Integration/HTTPAPITest.php" line="455" class="Tests\Integration\HTTPAPITest" classname="Tests.Integration.HTTPAPITest" assertions="2" time="0.083232"/>
        <testcase name="testAdminSecretsFullFlow" file="/home/mariusz/PhpstormProjects/enhanced-php-mcp-server/tests/Integration/HTTPAPITest.php" line="490" class="Tests\Integration\HTTPAPITest" classname="Tests.Integration.HTTPAPITest" assertions="12" time="0.134919"/>
        <testcase name="testAdminEncryptDecryptFlow" file="/home/mariusz/PhpstormProjects/enhanced-php-mcp-server/tests/Integration/HTTPAPITest.php" line="527" class="Tests\Integration\HTTPAPITest" classname="Tests.Integration.HTTPAPITest" assertions="7" time="0.109220"/>
        <testsuite name="Tests\Integration\HTTPAPITest::testToolParameterValidation" tests="4" assertions="12" errors="0" failures="0" skipped="0" time="0.007713">
          <testcase name="testToolParameterValidation with data set &quot;calculate missing operation&quot;" file="/home/mariusz/PhpstormProjects/enhanced-php-mcp-server/tests/Integration/HTTPAPITest.php" line="319" class="Tests\Integration\HTTPAPITest" classname="Tests.Integration.HTTPAPITest" assertions="3" time="0.001612"/>
          <testcase name="testToolParameterValidation with data set &quot;read file empty path&quot;" file="/home/mariusz/PhpstormProjects/enhanced-php-mcp-server/tests/Integration/HTTPAPITest.php" line="319" class="Tests\Integration\HTTPAPITest" classname="Tests.Integration.HTTPAPITest" assertions="3" time="0.002088"/>
          <testcase name="testToolParameterValidation with data set &quot;write file empty path&quot;" file="/home/mariusz/PhpstormProjects/enhanced-php-mcp-server/tests/Integration/HTTPAPITest.php" line="319" class="Tests\Integration\HTTPAPITest" classname="Tests.Integration.HTTPAPITest" assertions="3" time="0.002064"/>
          <testcase name="testToolParameterValidation with data set &quot;get weather empty city&quot;" file="/home/mariusz/PhpstormProjects/enhanced-php-mcp-server/tests/Integration/HTTPAPITest.php" line="319" class="Tests\Integration\HTTPAPITest" classname="Tests.Integration.HTTPAPITest" assertions="3" time="0.001949"/>
        </testsuite>
      </testsuite>
    </testsuite>
  </testsuite>
</testsuites>
